// Jest Snapshot v1, https://goo.gl/fbAQLP

exports[`Indecision component should match the snapshot created 1`] = `
<!--v-if-->
<div class="bg-dark"></div>
<div class="indecision-container"><input type="text" placeholder="Hazme una pregunta">
  <p>Recuerda terminar la pregunta con ?</p>
  <!--v-if-->
</div>
`;
